// Jest Snapshot v1, https://goo.gl/fbAQLP

exports[`<Table /> renders the table correctly 1`] = `
<DocumentFragment>
  .c2 {
  box-sizing: border-box;
  color: #101112;
  width: s;
  height: s;
  padding-top: 0.75rem;
  padding-bottom: 0.75rem;
  padding-left: 0.5rem;
  padding-right: 0.5rem;
}

.c5 {
  box-sizing: border-box;
  color: #101112;
  width: m;
  height: m;
  padding-left: 0.5rem;
  padding-right: 0.5rem;
  padding-top: 0.75rem;
  padding-bottom: 0.75rem;
}

.c3 {
  font-family: -apple-system,BlinkMacSystemFont,San Francisco,Segoe UI, Roboto,Helvetica Neue,sans-serif;
  -webkit-font-smoothing: antialiased;
  -moz-osx-font-smoothing: grayscale;
  font-size: 0.875rem;
  font-weight: 600;
  line-height: 1rem;
}

.c6 {
  font-family: -apple-system,BlinkMacSystemFont,San Francisco,Segoe UI, Roboto,Helvetica Neue,sans-serif;
  -webkit-font-smoothing: antialiased;
  -moz-osx-font-smoothing: grayscale;
  font-style: none;
  font-size: 0.875rem;
  font-weight: 400;
  line-height: 1rem;
}

.c0 {
  width: 100%;
  box-sizing: border-box;
}

.c4 tr {
  border-bottom: 1px solid #BABEC3;
}

.c1 {
  border-bottom: 1px solid #BABEC3;
}

.c1 th {
  overflow: hidden;
  text-align: left;
  text-overflow: ellipsis;
  vertical-align: bottom;
}

.c1 th:last-child {
  padding-right: 0;
}

.c1:first-child th {
  padding-top: 0;
}

<table
    class="c0"
    data-testid="test-table-donations-table"
  >
    <thead
      class="c1"
    >
      <tr>
        <th
          class="c2 c3"
          color="text.primary"
          font-size="font-size-100"
          font-weight="600"
        >
          test_table_donations.th.id
        </th>
        <th
          class="c2 c3"
          color="text.primary"
          font-size="font-size-100"
          font-weight="600"
        >
          test_table_donations.th.status
        </th>
      </tr>
    </thead>
    <tbody
      class="c4"
    >
      <tr
        data-testid="tr-1"
      >
        <td
          class="c5 c6"
          color="text.primary"
          data-testid="tr-1-td-id"
          font-size="font-size-100"
          font-style="none"
          font-weight="400"
        >
          1
        </td>
        <td
          class="c5 c6"
          color="text.primary"
          data-testid="tr-1-td-status"
          font-size="font-size-100"
          font-style="none"
          font-weight="400"
        >
          Good
        </td>
      </tr>
      <tr
        data-testid="tr-2"
      >
        <td
          class="c5 c6"
          color="text.primary"
          data-testid="tr-2-td-id"
          font-size="font-size-100"
          font-style="none"
          font-weight="400"
        >
          2
        </td>
        <td
          class="c5 c6"
          color="text.primary"
          data-testid="tr-2-td-status"
          font-size="font-size-100"
          font-style="none"
          font-weight="400"
        >
          Bad
        </td>
      </tr>
      <tr
        data-testid="tr-3"
      >
        <td
          class="c5 c6"
          color="text.primary"
          data-testid="tr-3-td-id"
          font-size="font-size-100"
          font-style="none"
          font-weight="400"
        >
          3
        </td>
        <td
          class="c5 c6"
          color="text.primary"
          data-testid="tr-3-td-status"
          font-size="font-size-100"
          font-style="none"
          font-weight="400"
        >
          Ugly
        </td>
      </tr>
      <tr
        data-testid="tr-4"
      >
        <td
          class="c5 c6"
          color="text.primary"
          data-testid="tr-4-td-id"
          font-size="font-size-100"
          font-style="none"
          font-weight="400"
        >
          4
        </td>
        <td
          class="c5 c6"
          color="text.primary"
          data-testid="tr-4-td-status"
          font-size="font-size-100"
          font-style="none"
          font-weight="400"
        >
          Other
        </td>
      </tr>
    </tbody>
  </table>
</DocumentFragment>
`;
